[no error]
[not enough memory available]
[no such datalink]
[datalink not of type DL_ETHER]
[unknown dlpi failure]
[DL_ATTACH_REQ failed]
[DL_BIND_REQ failed]
[DL_PROMISCON_REQ failed]
[DLD_CAPAB_DIRECT enable failed]
[bad datalink capability]
[bad datalink subcapability]
[bad dld version]
[failed to create kstats]
[no such vnd link]
[netstack doesn't exist]
[device already associated]
[device already attached]
[device already linked]
[invalid name]
[permission denied]
[no such zone]
[failed to initialize vnd stream module]
[device not attached]
[device not linked]
[another device has the same link name]
[failed to create minor node]
[requested buffer size is too large]
[requested buffer size is too small]
[unable to obtain exclusive access to dlpi link, link busy]
[DLD direct capability not supported over data link]
[invalid property size]
[invalid property]
[property is read only]
[unexpected system error]
[capabilities invalid, pass-through module detected]
[unknown error]
[unknown error]
