triforceofcourage0 global
global:triforceofcourage0
